[starblast.dankdmitron.dev/index.html]
[backblue.gif]
[fade.gif]
[index.html]
[starblast.dankdmitron.dev/dankdmitron.png]
[starblast.dankdmitron.dev/css/bootstrap.min.css]
[starblast.dankdmitron.dev/bootstrap-icons.css]
[starblast.dankdmitron.dev/css/main.css]
[starblast.dankdmitron.dev/js/bootstrap.bundle.min.js]
[starblast.dankdmitron.dev/js/classes/PreferencesManager.js]
[starblast.dankdmitron.dev/js/classes/SimStatusListProvider.js]
[starblast.dankdmitron.dev/js/translation.js]
[starblast.dankdmitron.dev/js/classes/SystemListManager.js]
[starblast.dankdmitron.dev/js/classes/SystemReportManager.js]
[starblast.dankdmitron.dev/js/classes/SpectatorV2.js]
[analytics.dankdmitron.dev/js/viewserverlist.js]
[starblast.dankdmitron.dev/js/lib/mapGen.js]
[starblast.dankdmitron.dev/js/lib/renderingUtils.js]
[starblast.dankdmitron.dev/js/lib/ecpIcon.js]
[starblast.dankdmitron.dev/app.html]
[starblast.dankdmitron.dev/js/ui.js]
[starblast.dankdmitron.dev/index.html]
[starblast.dankdmitron.dev/dankdmitron.html]
[starblast.dankdmitron.dev/css/bootstrap.min.css]
[starblast.dankdmitron.dev/js/serverList.js]
[starblast.dankdmitron.dev/fonts/bootstrap-iconsbf04.woff2]
[starblast.dankdmitron.dev/fonts/bootstrap-iconsbf04.woff]
[starblast.dankdmitron.dev/bootstrap-icons.css]
[starblast.dankdmitron.dev/fonts/Nunito_Sans/NunitoSans-ExtraBold.ttf]
[starblast.dankdmitron.dev/fonts/Starblast/starblast-glyphs.ttf]
[starblast.dankdmitron.dev/fonts/Nunito_Sans/NunitoSans-Regular.ttf]
[starblast.dankdmitron.dev/fonts/Starblast/starblast-vanilla-ships.ttf]
[starblast.dankdmitron.dev/fonts/Starblast/starblast-intrusion-ships.ttf]
[starblast.dankdmitron.dev/fonts/Starblast/starblast-useries-ships.ttf]
[starblast.dankdmitron.dev/css/main.css]
[starblast.dankdmitron.dev/css/themes/default_light.css]
[starblast.dankdmitron.dev/app.html]
[starblast.dankdmitron.dev/fonts/Starblast/starblast-nautic-ships.ttf]
